
Memory Configuration

Name             Origin             Length             Attributes
SRAM             0x0000000020081f00 0x00000000000000fc xr
*default*        0x0000000000000000 0xffffffffffffffff

Linker script and memory map

                0x0000000020081f00                . = ORIGIN (SRAM)

.text           0x0000000020081f00       0xa4
                0x0000000020081f00                _start = .
 *(.entry)
 *(.text)
 .text          0x0000000020081f00       0xa4 CMakeFiles/bs2_default.dir/compile_time_choice.S.o
                0x0000000020081f00                _stage2_boot
                0x0000000020081f84                read_flash_sreg
                0x0000000020081f94                literals
LOAD CMakeFiles/bs2_default.dir/compile_time_choice.S.o
START GROUP
LOAD /opt/homebrew/Cellar/arm-none-eabi-gcc/10.3-2021.10/gcc/bin/../lib/gcc/arm-none-eabi/10.3.1/thumb/v8-m.main+fp/softfp/libgcc.a
LOAD /opt/homebrew/Cellar/arm-none-eabi-gcc/10.3-2021.10/gcc/bin/../lib/gcc/arm-none-eabi/10.3.1/../../../../arm-none-eabi/lib/thumb/v8-m.main+fp/softfp/libg.a
LOAD /opt/homebrew/Cellar/arm-none-eabi-gcc/10.3-2021.10/gcc/bin/../lib/gcc/arm-none-eabi/10.3.1/../../../../arm-none-eabi/lib/thumb/v8-m.main+fp/softfp/libc.a
END GROUP
START GROUP
LOAD /opt/homebrew/Cellar/arm-none-eabi-gcc/10.3-2021.10/gcc/bin/../lib/gcc/arm-none-eabi/10.3.1/thumb/v8-m.main+fp/softfp/libgcc.a
LOAD /opt/homebrew/Cellar/arm-none-eabi-gcc/10.3-2021.10/gcc/bin/../lib/gcc/arm-none-eabi/10.3.1/../../../../arm-none-eabi/lib/thumb/v8-m.main+fp/softfp/libc.a
LOAD /opt/homebrew/Cellar/arm-none-eabi-gcc/10.3-2021.10/gcc/bin/../lib/gcc/arm-none-eabi/10.3.1/../../../../arm-none-eabi/lib/thumb/v8-m.main+fp/softfp/libnosys.a
END GROUP
OUTPUT(bs2_default.elf elf32-littlearm)
LOAD linker stubs

.data           0x0000000020081fa4        0x0
 .data          0x0000000020081fa4        0x0 CMakeFiles/bs2_default.dir/compile_time_choice.S.o

.igot.plt       0x0000000020081fa4        0x0
 .igot.plt      0x0000000020081fa4        0x0 CMakeFiles/bs2_default.dir/compile_time_choice.S.o

.glue_7         0x0000000020081fa4        0x0
 .glue_7        0x0000000020081fa4        0x0 linker stubs

.glue_7t        0x0000000020081fa4        0x0
 .glue_7t       0x0000000020081fa4        0x0 linker stubs

.vfp11_veneer   0x0000000020081fa4        0x0
 .vfp11_veneer  0x0000000020081fa4        0x0 linker stubs

.v4_bx          0x0000000020081fa4        0x0
 .v4_bx         0x0000000020081fa4        0x0 linker stubs

.iplt           0x0000000020081fa4        0x0
 .iplt          0x0000000020081fa4        0x0 CMakeFiles/bs2_default.dir/compile_time_choice.S.o

.rel.dyn        0x0000000020081fa4        0x0
 .rel.iplt      0x0000000020081fa4        0x0 CMakeFiles/bs2_default.dir/compile_time_choice.S.o

.bss            0x0000000020081fa4        0x0
 .bss           0x0000000020081fa4        0x0 CMakeFiles/bs2_default.dir/compile_time_choice.S.o

.ARM.attributes
                0x0000000000000000       0x28
 .ARM.attributes
                0x0000000000000000       0x28 CMakeFiles/bs2_default.dir/compile_time_choice.S.o

.debug_line     0x0000000000000000      0x1c2
 .debug_line    0x0000000000000000      0x1c2 CMakeFiles/bs2_default.dir/compile_time_choice.S.o

.debug_info     0x0000000000000000       0x26
 .debug_info    0x0000000000000000       0x26 CMakeFiles/bs2_default.dir/compile_time_choice.S.o

.debug_abbrev   0x0000000000000000       0x14
 .debug_abbrev  0x0000000000000000       0x14 CMakeFiles/bs2_default.dir/compile_time_choice.S.o

.debug_aranges  0x0000000000000000       0x20
 .debug_aranges
                0x0000000000000000       0x20 CMakeFiles/bs2_default.dir/compile_time_choice.S.o

.debug_str      0x0000000000000000       0xfe
 .debug_str     0x0000000000000000       0xfe CMakeFiles/bs2_default.dir/compile_time_choice.S.o
